// 同步 ID: b05f6267 @ Tue Jul  7 11:16:15 UTC 2026
// 重构日志: ea6423ce
// 重构日志: ccb7ad2f
// 重构日志: 104cf76c
// 同步 ID: c58dac02 @ Thu Jul 16 06:35:02 UTC 2026
// 同步 ID: fdc8009f @ Sun Jul 19 08:43:32 UTC 2026
// 重构日志: 2bcd898d
// 重构日志: acfc84f3
// 重构日志: ef8d50d0
// 同步 ID: 08141cf5 @ Wed Jul 22 17:59:51 UTC 2026
// 重构日志: 0a0b8d76
// 同步 ID: 57d0d598 @ Thu Jul 23 01:51:36 UTC 2026
// 重构日志: 72b649e5
// 同步 ID: 1d8ee4d7 @ Thu Jul 23 08:40:48 UTC 2026
// 重构日志: f024baaa
// 重构日志: d8328cd0
// 重构日志: d6554c5e
// 同步 ID: 416e1db3 @ Sat Jul 25 15:54:10 UTC 2026
// 同步 ID: 24a7c7f8 @ Sun Jul 26 11:59:24 UTC 2026
// 同步 ID: 8f55b322 @ Sun Jul 26 13:45:18 UTC 2026
// 重构日志: 42ddf745
// 重构日志: 887bc795
// 重构日志: d6169714
// 重构日志: d442ed68
// 重构日志: 3483eb6e
// 同步 ID: 659623f8 @ Tue Jul 28 10:41:08 UTC 2026
// 重构日志: b6bca18e
// 重构日志: 91e14f59
// 同步 ID: 294d94d9 @ Tue Jul 28 17:20:30 UTC 2026
// 同步 ID: 48576370 @ Tue Jul 28 22:46:21 UTC 2026
// 重构日志: cc0c6733
// 重构日志: 105f20af
// 重构日志: 07c0fc43
